  SYNC    include/config/auto.conf
  DESCEND objtool
  CALL    scripts/checksyscalls.sh
  INSTALL libsubcmd_headers
  CC      init/main.o
  CC      arch/x86/net/bpf_jit_comp.o
  CC      net/devres.o
  CC      init/do_mounts.o
  CC      ipc/mqueue.o
  CC      net/socket.o
  CC      security/commoncap.o
  CC      net/compat.o
  CC      security/keys/keyring.o
  CC      security/keys/process_keys.o
  CC      net/llc/llc_core.o
  CC      net/llc/llc_input.o
  CC      io_uring/io_uring.o
  CC      net/ethernet/eth.o
  CC      security/keys/request_key.o
  CC      net/llc/llc_output.o
  CC      security/security.o
  CC      io_uring/notif.o
  CC      init/init_task.o
  CC      fs/namei.o
  CC      net/802/psnap.o
  CC      lib/kobject_uevent.o
  CC      net/core/sock.o
  CC      kernel/fork.o
  CC      crypto/algapi.o
  CC      net/core/skbuff.o
  CC      arch/x86/kernel/espfix_64.o
  CC      mm/memcontrol.o
  CC      net/core/datagram.o
  CC      net/sched/sch_generic.o
  CC      drivers/acpi/event.o
  CC      net/core/stream.o
  CC      arch/x86/kernel/tboot.o
  CC      net/netlink/af_netlink.o
  CC      net/bpf/test_run.o
  CC      net/sched/sch_mq.o
  CC      net/core/scm.o
  CC      fs/select.o
  CC      net/802/stp.o
  CC      net/netlink/genetlink.o
  AR      net/llc/built-in.a
  CC      net/netlink/policy.o
  CC      net/ethtool/ioctl.o
  CC      net/ethtool/common.o
  AR      ipc/built-in.a
  CC      net/sched/sch_frag.o
  AR      security/keys/built-in.a
  CC      net/sched/sch_api.o
  CC      lib/vsprintf.o
  CC      crypto/aead.o
  AR      net/ethernet/built-in.a
  CC      crypto/geniv.o
  AR      init/built-in.a
  CC      net/bpf/bpf_dummy_struct_ops.o
  CC      io_uring/poll.o
  AR      arch/x86/kernel/built-in.a
  CC      net/netlink/diag.o
  CC      net/sched/sch_blackhole.o
  CC      net/sched/cls_api.o
  CC      net/netfilter/core.o
  CC      net/sched/act_api.o
  AR      arch/x86/net/built-in.a
  AR      arch/x86/built-in.a
  CC      net/netfilter/nf_log.o
  AR      net/802/built-in.a
  AR      drivers/acpi/built-in.a
  CC      net/core/gen_stats.o
  CC      net/core/gen_estimator.o
  CC      net/core/net_namespace.o
  CC      crypto/lskcipher.o
  CC      kernel/exit.o
  CC      crypto/skcipher.o
  CC      net/sched/sch_fifo.o
  CC      net/sched/ematch.o
  CC      net/core/secure_seq.o
  CC      net/netfilter/nf_queue.o
  CC      io_uring/wait.o
  CC      net/netfilter/nf_sockopt.o
  CC      net/core/flow_dissector.o
  CC      net/core/sysctl_net_core.o
  CC      net/netfilter/utils.o
  CC      security/selinux/avc.o
  CC      net/ipv4/route.o
  AR      net/bpf/built-in.a
  CC      net/core/dev.o
  CC      fs/file.o
  CC      net/ethtool/netlink.o
  CC      net/ipv4/inetpeer.o
  CC      net/ipv4/protocol.o
  CC      net/ipv4/ip_input.o
  CC      net/ethtool/bitset.o
  AR      net/netlink/built-in.a
  CC      net/core/dev_api.o
  CC      net/netfilter/nf_bpf_link.o
  CC      io_uring/sqpoll.o
  CC      drivers/connector/cn_queue.o
  CC      security/selinux/hooks.o
  AR      mm/built-in.a
  CC      drivers/connector/connector.o
  CC      crypto/ahash.o
  CC      drivers/connector/cn_proc.o
  CC      security/lsm_audit.o
  CC      drivers/base/core.o
  CC      net/ipv4/ip_fragment.o
  CC      security/apparmor/apparmorfs.o
  CC      crypto/shash.o
  CC      kernel/pid.o
  CC      net/xfrm/xfrm_policy.o
  CC      net/unix/af_unix.o
  CC      net/packet/af_packet.o
  CC      net/core/dev_addr_lists.o
  CC      net/ipv4/ip_forward.o
  AR      net/sched/built-in.a
  CC      security/apparmor/audit.o
  CC      security/apparmor/capability.o
  CC      net/netfilter/nfnetlink.o
  CC      security/apparmor/task.o
  CC      net/unix/garbage.o
  CC      net/netfilter/nfnetlink_acct.o
  CC      net/ipv6/af_inet6.o
  CC      security/apparmor/ipc.o
  CC      lib/ts_kmp.o
  CC      net/bridge/br.o
  CC      io_uring/register.o
  CC      net/ethtool/strset.o
  AR      drivers/connector/built-in.a
  CC      crypto/akcipher.o
  CC      fs/fs_struct.o
  CC      lib/ts_bm.o
  CC      lib/ts_fsm.o
  CC      security/apparmor/lib.o
  CC      net/unix/sysctl_net_unix.o
  CC      net/unix/unix_bpf.o
  CC      security/device_cgroup.o
  CC      security/bpf/hooks.o
  CC      security/landlock/syscalls.o
  CC      net/bridge/br_device.o
  CC      kernel/extable.o
  CC      net/xfrm/xfrm_state.o
  CC      net/devlink/core.o
  CC      net/ethtool/linkinfo.o
  CC      net/ethtool/linkmodes.o
  CC      lib/dynamic_debug.o
  CC      net/xfrm/xfrm_input.o
  CC      security/selinux/selinuxfs.o
  CC      net/ipv6/anycast.o
  CC      net/ipv4/ip_options.o
  CC      net/netfilter/nfnetlink_queue.o
  CC      net/bridge/br_fdb.o
  CC      fs/nsfs.o
  CC      security/selinux/netlink.o
  CC      net/ipv4/ip_output.o
  CC      io_uring/zcrx.o
  CC      crypto/sig.o
  CC      net/bridge/br_forward.o
  AR      security/bpf/built-in.a
  CC      net/bridge/br_if.o
  CC      kernel/nsproxy.o
  CC      security/selinux/nlmsgtab.o
  CC      security/apparmor/path.o
  CC      security/landlock/ruleset.o
  CC      security/selinux/netif.o
  CC      net/bridge/br_input.o
  CC      net/ethtool/rss.o
  AR      net/unix/built-in.a
  CC      security/selinux/netnode.o
  CC      drivers/base/property.o
  CC      fs/fs_context.o
  CC      net/ipv4/ip_sockglue.o
  CC      net/devlink/netlink.o
  CC      net/ipv6/ip6_output.o
  CC      crypto/kpp.o
  CC      net/core/dst.o
  CC      kernel/cred.o
  CC      net/xfrm/xfrm_output.o
  CC      net/netfilter/nfnetlink_log.o
  CC      security/apparmor/domain.o
  CC      net/ipv4/inet_hashtables.o
  CC      net/devlink/netlink_gen.o
  CC      net/devlink/dev.o
  CC      net/ipv4/inet_timewait_sock.o
  CC      security/selinux/netport.o
  AR      net/packet/built-in.a
  CC      security/landlock/task.o
  CC      net/netfilter/nfnetlink_osf.o
  CC      security/apparmor/policy.o
  CC      io_uring/napi.o
  CC      net/ethtool/linkstate.o
  CC      net/xfrm/xfrm_sysctl.o
  CC      lib/nlattr.o
  CC      net/netfilter/nf_conntrack_core.o
  CC      net/xfrm/xfrm_replay.o
  CC      net/xfrm/xfrm_device.o
  CC      fs/pidfs.o
  CC      crypto/acompress.o
  CC      net/xfrm/xfrm_nat_keepalive.o
  CC      net/netfilter/nf_conntrack_standalone.o
  CC      net/netfilter/nf_conntrack_expect.o
  AR      drivers/base/built-in.a
  CC      net/ipv4/inet_connection_sock.o
  CC      net/ipv4/tcp.o
  CC      net/bridge/br_ioctl.o
  CC      kernel/sched/core.o
  CC      security/selinux/status.o
  CC      net/ethtool/debug.o
  CC      net/devlink/port.o
  CC      net/devlink/sb.o
  CC      security/landlock/fs.o
  CC      io_uring/net.o
  CC      net/netfilter/nf_conntrack_helper.o
  CC      net/core/netevent.o
  CC      net/core/neighbour.o
  CC      lib/dynamic_queue_limits.o
  CC      crypto/scompress.o
  CC      net/ipv6/ip6_input.o
  CC      security/apparmor/policy_unpack.o
  CC      net/ethtool/wol.o
  CC      net/netfilter/nf_conntrack_proto.o
  CC      net/ipv4/tcp_input.o
  CC      net/core/rtnetlink.o
  CC      fs/eventpoll.o
  CC      net/ethtool/features.o
  CC      net/bridge/br_stp.o
  CC      net/bridge/br_stp_bpdu.o
  CC      net/netfilter/nf_conntrack_proto_generic.o
  CC      security/selinux/ss/ebitmap.o
  CC      net/ipv6/addrconf.o
  CC      net/core/utils.o
  CC      net/xfrm/xfrm_proc.o
  CC      net/core/link_watch.o
  CC      net/ethtool/privflags.o
  CC      crypto/algboss.o
  CC      net/ipv6/addrlabel.o
  CC      net/netfilter/nf_conntrack_proto_tcp.o
  CC      net/ipv4/tcp_output.o
  CC      net/bridge/br_stp_if.o
  CC      io_uring/cmd_net.o
  CC      security/landlock/net.o
  CC      security/selinux/ss/sidtab.o
  CC      security/selinux/ss/avtab.o
  CC      security/selinux/ss/policydb.o
  CC      net/netfilter/nf_conntrack_proto_udp.o
  CC      net/devlink/dpipe.o
  CC      lib/dim/net_dim.o
  AR      net/xfrm/built-in.a
  CC      net/ipv6/route.o
  CC      net/core/filter.o
  CC      net/ethtool/rings.o
  CC      net/ipv4/tcp_timer.o
  CC      security/apparmor/procattr.o
  CC      net/core/sock_diag.o
  CC      crypto/rng.o
  CC      fs/nfs_common/nfs_ssc.o
  CC      fs/coredump.o
  CC      fs/nfs_common/common.o
  CC      net/netfilter/nf_conntrack_proto_icmp.o
  CC      net/ipv4/tcp_ipv4.o
  CC      security/landlock/audit.o
  CC      net/bridge/br_stp_timer.o
  CC      net/strparser/strparser.o
  CC      security/selinux/ss/services.o
  CC      net/ipv4/tcp_minisocks.o
  CC      net/core/dev_ioctl.o
  CC      net/ethtool/channels.o
  CC      security/landlock/domain.o
  CC      net/devlink/resource.o
  AR      lib/dim/built-in.a
  CC      lib/net_utils.o
  CC      security/apparmor/lsm.o
  CC      io_uring/bpf_filter.o
  CC      drivers/scsi/scsi_netlink.o
  CC      net/devlink/param.o
  CC      net/bridge/br_netlink.o
  CC      net/bridge/br_netlink_tunnel.o
  CC      net/bridge/br_arp_nd_proxy.o
  CC      net/netfilter/nf_conntrack_extend.o
  AR      crypto/built-in.a
  CC      net/bridge/br_sysfs_if.o
  CC      net/ipv6/ip6_fib.o
  AR      fs/nfs_common/built-in.a
  CC      security/selinux/ss/conditional.o
  CC      net/8021q/vlan_core.o
  CC      net/ipv6/ipv6_sockglue.o
  CC      net/ipv6/ndisc.o
  CC      net/wireless/wext-core.o
  CC      net/ethtool/coalesce.o
  AR      security/landlock/built-in.a
  CC      net/core/tso.o
  AR      io_uring/built-in.a
  CC      net/ipv4/tcp_cong.o
  AR      lib/lib.a
  CC      drivers/scsi/scsi_transport_fc.o
  AR      lib/built-in.a
  AR      net/strparser/built-in.a
  CC      net/ipv4/tcp_metrics.o
  CC      net/devlink/region.o
  CC      net/devlink/health.o
  CC      net/ethtool/pause.o
  CC      net/ipv4/tcp_fastopen.o
  CC      net/core/sock_reuseport.o
  CC      fs/quota/netlink.o
  CC      net/netfilter/nf_conntrack_acct.o
  CC      drivers/nvme/host/core.o
  CC      net/ipv6/udp.o
  CC      security/apparmor/resource.o
  CC      net/ipv4/tcp_recovery.o
  CC      security/selinux/ss/mls.o
  CC      net/ethtool/eee.o
  CC      net/bridge/br_sysfs_br.o
  CC      security/selinux/ss/context.o
  CC      net/netlabel/netlabel_user.o
  CC      net/9p/trans_fd.o
  CC      net/netfilter/nf_conntrack_seqadj.o
  AR      net/8021q/built-in.a
  CC      net/9p/trans_virtio.o
  CC      fs/proc/namespaces.o
  CC      security/apparmor/secid.o
  AR      kernel/sched/built-in.a
  CC      drivers/nvme/host/sysfs.o
  CC      net/wireless/wext-proc.o
  CC      net/netlabel/netlabel_kapi.o
  CC      net/ethtool/tsinfo.o
  CC      net/netfilter/nf_conntrack_proto_icmpv6.o
  CC      net/ipv6/udplite.o
  CC      net/bridge/br_nf_core.o
  CC      security/apparmor/file.o
  CC      net/ethtool/cabletest.o
  CC      net/core/fib_notifier.o
  AR      fs/quota/built-in.a
  CC      fs/sysfs/mount.o
  CC      net/bridge/br_multicast.o
  CC      security/selinux/xfrm.o
  CC      net/bridge/br_mdb.o
  CC      net/bridge/br_multicast_eht.o
  CC      kernel/kallsyms.o
  CC      net/netlabel/netlabel_domainhash.o
  CC      net/netfilter/nf_conntrack_timeout.o
  CC      net/dcb/dcbnl.o
  AR      net/wireless/built-in.a
  CC      net/bridge/br_vlan.o
  CC      fs/proc/proc_sysctl.o
  CC      net/ethtool/tunnels.o
  CC      net/ipv4/tcp_ulp.o
  AR      fs/sysfs/built-in.a
  CC      net/ethtool/fec.o
  CC      net/ethtool/eeprom.o
  AR      net/9p/built-in.a
  CC      net/ethtool/stats.o
  CC      security/apparmor/policy_ns.o
  CC      net/devlink/trap.o
  CC      net/bridge/br_vlan_tunnel.o
  CC      drivers/scsi/scsi_transport_iscsi.o
  CC      net/bridge/br_vlan_options.o
  CC      net/ipv4/tcp_offload.o
  CC      drivers/net/loopback.o
  CC      security/selinux/netlabel.o
  CC      net/ethtool/phc_vclocks.o
  CC      net/bridge/br_mst.o
  CC      net/core/xdp.o
  CC      net/sysctl_net.o
  CC      net/ipv4/tcp_plb.o
  CC      net/devlink/rate.o
  CC      net/core/flow_offload.o
  CC      fs/proc/proc_net.o
  CC      net/netfilter/nf_conntrack_timestamp.o
  CC      net/ipv6/raw.o
  CC      net/ethtool/mm.o
  CC      net/netlabel/netlabel_addrlist.o
  CC      net/ipv6/icmp.o
  CC      net/ipv6/mcast.o
  CC      security/apparmor/label.o
  CC      kernel/cgroup/cgroup.o
  CC      drivers/net/phy/stubs.o
  CC      net/core/gro.o
  CC      net/devlink/linecard.o
  CC      net/netlabel/netlabel_mgmt.o
  CC      security/selinux/ibpkey.o
  CC      net/netfilter/nf_conntrack_ecache.o
  CC      net/bridge/br_switchdev.o
  CC      net/netlabel/netlabel_unlabeled.o
  CC      net/ipv4/datagram.o
  AR      fs/proc/built-in.a
  CC      net/dcb/dcbevent.o
  CC      net/core/netdev-genl.o
  CC      net/netlabel/netlabel_cipso_v4.o
  CC      net/netfilter/nf_conntrack_labels.o
  CC      net/ethtool/module.o
  CC      security/apparmor/mount.o
  CC      drivers/net/phy/mdio_bus.o
  CC      net/core/netdev-genl-gen.o
  CC      net/ethtool/cmis_fw_update.o
  CC      net/ipv4/raw.o
  CC      net/ethtool/cmis_cdb.o
  CC      net/netlabel/netlabel_calipso.o
  AR      drivers/nvme/host/built-in.a
  AR      drivers/nvme/built-in.a
  CC      net/vmw_vsock/af_vsock.o
  AR      security/selinux/built-in.a
  CC      net/bridge/br_netfilter_hooks.o
  CC      net/netfilter/nf_conntrack_ovs.o
  CC      drivers/net/phy/mdio_device.o
  CC      net/ipv4/udp.o
  CC      net/ipv6/reassembly.o
  CC      drivers/net/phy/phy.o
  CC      net/ipv4/udplite.o
  CC      net/ipv6/tcp_ipv6.o
  CC      net/switchdev/switchdev.o
  CC      drivers/net/mdio/acpi_mdio.o
  AR      net/dcb/built-in.a
  CC      net/ipv4/udp_offload.o
  CC      net/ipv6/ping.o
  CC      net/l3mdev/l3mdev.o
  CC      net/ethtool/pse-pd.o
  CC      net/xdp/xsk.o
  CC      drivers/net/mdio/fwnode_mdio.o
  AR      net/devlink/built-in.a
  CC      net/ethtool/plca.o
  CC      net/bridge/br_netfilter_ipv6.o
  CC      net/vmw_vsock/af_vsock_tap.o
  CC      drivers/net/phy/phy-c45.o
  CC      net/core/gso.o
  CC      net/ethtool/phy.o
  CC      fs/bpf_fs_kfuncs.o
  AR      net/netlabel/built-in.a
  CC      security/apparmor/net.o
  CC      net/ethtool/tsconfig.o
  CC      drivers/net/phy/phy-core.o
  CC      security/apparmor/policy_compat.o
  CC      net/ethtool/mse.o
  CC      net/core/net-sysfs.o
  CC      drivers/scsi/storvsc_drv.o
  CC      security/apparmor/af_unix.o
  CC      net/xdp/xdp_umem.o
  CC      net/bridge/netfilter/ebt_802_3.o
  CC      net/netfilter/nf_conntrack_proto_sctp.o
  CC      net/ipv4/arp.o
  AR      net/l3mdev/built-in.a
  CC      security/apparmor/crypto.o
  CC      net/handshake/alert.o
  CC      drivers/net/veth.o
  CC      net/ipv4/icmp.o
  CC      drivers/net/virtio_net.o
  AR      drivers/net/mdio/built-in.a
  CC      net/vmw_vsock/vsock_addr.o
  CC      net/ipv4/devinet.o
  CC      net/vmw_vsock/vsock_bpf.o
  AR      net/switchdev/built-in.a
  CC      net/ipv6/exthdrs.o
  CC      net/netfilter/nf_conntrack_proto_gre.o
  CC      net/ipv4/af_inet.o
  CC      net/xdp/xsk_queue.o
  CC      net/core/hotdata.o
  CC      net/core/netdev_config.o
  CC      net/bridge/netfilter/ebt_among.o
  AR      net/ethtool/built-in.a
  CC      net/netfilter/nf_conntrack_netlink.o
  CC      net/ipv4/igmp.o
  CC      net/handshake/genl.o
  CC      net/bridge/netfilter/ebt_arp.o
  CC      net/handshake/netlink.o
  CC      net/xdp/xskmap.o
  CC      net/handshake/request.o
  AR      fs/built-in.a
  CC      drivers/net/phy/phy_device.o
  AR      security/apparmor/built-in.a
  AR      security/built-in.a
  CC      net/vmw_vsock/hyperv_transport.o
  CC      drivers/net/vxlan/vxlan_core.o
  CC      drivers/net/ppp/ppp_generic.o
  AR      kernel/cgroup/built-in.a
  UPD     kernel/config_data
  CC      kernel/audit.o
  CC      net/bridge/netfilter/ebt_ip.o
  CC      net/shaper/shaper.o
  CC      net/shaper/shaper_nl_gen.o
  CC      net/ipv4/fib_frontend.o
  CC      net/handshake/tlshd.o
  CC      drivers/net/vxlan/vxlan_multicast.o
  CC      net/handshake/trace.o
  CC      net/xdp/xsk_buff_pool.o
  CC      net/ipv4/fib_semantics.o
  CC      drivers/net/vxlan/vxlan_vnifilter.o
  CC      net/ipv4/fib_trie.o
  CC      drivers/net/vxlan/vxlan_mdb.o
  CC      net/ipv6/datagram.o
  CC      net/netfilter/nfnetlink_cttimeout.o
  AR      net/vmw_vsock/built-in.a
  CC      net/ipv6/ip6_flowlabel.o
  CC      net/core/netdev_rx_queue.o
  CC      drivers/net/phy/linkmode.o
  CC      drivers/net/phy/phy_link_topology.o
  AR      drivers/scsi/built-in.a
  CC      net/bridge/netfilter/ebt_ip6.o
  CC      drivers/net/phy/phy_caps.o
  CC      drivers/net/phy/mdio_bus_provider.o
  CC      net/ipv6/inet6_connection_sock.o
  AR      net/shaper/built-in.a
  CC      drivers/net/phy/phy_port.o
  CC      net/netfilter/nf_conntrack_amanda.o
  CC      net/netfilter/nf_conntrack_ftp.o
  CC      drivers/net/phy/swphy.o
  CC      net/core/netdev_queues.o
  CC      kernel/auditfilter.o
  CC      drivers/net/slip/slhc.o
  AR      net/handshake/built-in.a
  CC      net/ipv4/fib_notifier.o
  CC      net/bridge/netfilter/ebt_limit.o
  CC      net/ipv6/udp_offload.o
  AR      net/xdp/built-in.a
  CC      kernel/auditsc.o
  CC      net/ipv6/seg6.o
  CC      net/ipv4/inet_fragment.o
  CC      net/core/page_pool.o
  CC      net/ipv6/fib6_notifier.o
  CC      net/netfilter/nf_conntrack_h323_main.o
  CC      net/core/page_pool_user.o
  CC      kernel/audit_watch.o
  CC      kernel/audit_fsnotify.o
  CC      net/netfilter/nf_conntrack_h323_asn1.o
  CC      net/ipv6/rpl.o
  CC      drivers/net/xen-netfront.o
  CC      net/netfilter/nf_conntrack_irc.o
  CC      drivers/net/vmxnet3/vmxnet3_drv.o
  CC      drivers/net/vmxnet3/vmxnet3_ethtool.o
  CC      drivers/net/phy/mdio_devres.o
  CC      net/netfilter/nf_conntrack_broadcast.o
  AR      drivers/net/ppp/built-in.a
  CC      net/netfilter/nf_conntrack_netbios_ns.o
  CC      net/netfilter/nf_conntrack_snmp.o
  CC      net/netfilter/nf_conntrack_pptp.o
  CC      drivers/net/hyperv/netvsc_drv.o
  CC      net/bridge/netfilter/ebt_mark_m.o
  CC      net/core/net-procfs.o
  CC      net/bridge/netfilter/ebt_pkttype.o
  CC      net/core/netpoll.o
  CC      net/core/fib_rules.o
  CC      net/core/net-traces.o
  CC      drivers/net/vmxnet3/vmxnet3_xdp.o
  CC      net/ipv4/ping.o
  CC      net/core/drop_monitor.o
  CC      net/core/selftests.o
  CC      drivers/net/hyperv/netvsc.o
  CC      net/ipv6/ioam6.o
  CC      drivers/net/hyperv/rndis_filter.o
  CC      drivers/net/net_failover.o
  AR      drivers/net/slip/built-in.a
  CC      net/netfilter/nf_conntrack_sane.o
  CC      net/ipv6/sysctl_net_ipv6.o
  CC      net/ipv6/ip6mr.o
  CC      drivers/net/phy/mii_timestamper.o
  CC      kernel/audit_tree.o
  CC      net/bridge/netfilter/ebt_stp.o
  CC      net/ipv4/ip_tunnel_core.o
  CC      net/ipv6/xfrm6_policy.o
  CC      net/bridge/netfilter/ebt_vlan.o
  AR      drivers/net/vxlan/built-in.a
  CC      net/bridge/netfilter/ebt_arpreply.o
  CC      net/bridge/netfilter/ebt_mark.o
  CC      net/ipv4/gre_offload.o
  CC      drivers/net/phy/fixed_phy.o
  CC      net/bridge/netfilter/ebt_dnat.o
  CC      net/ipv6/xfrm6_state.o
  CC      drivers/net/hyperv/netvsc_trace.o
  CC      net/netfilter/nf_conntrack_sip.o
  CC      drivers/net/hyperv/netvsc_bpf.o
  CC      net/ipv4/metrics.o
  CC      net/core/timestamping.o
  CC      net/ipv4/netlink.o
  CC      net/core/ptp_classifier.o
  CC      net/ipv4/nexthop.o
  CC      net/ipv4/udp_tunnel_stub.o
  CC      net/ipv6/xfrm6_input.o
  CC      net/ipv4/ip_tunnel.o
  CC      net/core/netprio_cgroup.o
  CC      net/core/netclassid_cgroup.o
  CC      net/netfilter/nf_conntrack_tftp.o
  CC      net/ipv4/sysctl_net_ipv4.o
  CC      kernel/seccomp.o
  CC      net/netfilter/nf_log_syslog.o
  CC      net/ipv4/proc.o
  AR      drivers/net/vmxnet3/built-in.a
  CC      net/core/dst_cache.o
  CC      net/core/gro_cells.o
  CC      net/ipv4/fib_rules.o
  CC      net/ipv4/ipmr.o
  CC      net/core/failover.o
  CC      net/netfilter/nf_nat_core.o
  CC      net/bridge/netfilter/ebt_redirect.o
  CC      net/netfilter/nf_nat_proto.o
  CC      net/ipv4/ipmr_base.o
  CC      net/core/skmsg.o
  AR      drivers/net/phy/built-in.a
  CC      net/netfilter/nf_nat_helper.o
  CC      net/ipv6/xfrm6_output.o
  CC      net/netfilter/nf_nat_redirect.o
  AR      drivers/net/hyperv/built-in.a
  AR      drivers/net/built-in.a
  CC      net/netfilter/nf_nat_masquerade.o
  CC      net/netfilter/nf_nat_ovs.o
  CC      net/bridge/netfilter/ebt_snat.o
  CC      net/netfilter/nf_nat_amanda.o
  CC      net/ipv6/xfrm6_protocol.o
  CC      net/core/sock_map.o
  CC      net/core/bpf_sk_storage.o
  CC      net/ipv6/netfilter.o
  CC      drivers/ptp/ptp_clock.o
  CC      net/ipv6/fib6_rules.o
  CC      net/ipv4/udp_tunnel_core.o
  CC      drivers/ptp/ptp_chardev.o
  CC      net/bridge/netfilter/ebt_log.o
  CC      net/netfilter/nf_nat_ftp.o
  CC      kernel/taskstats.o
  CC      drivers/ptp/ptp_sysfs.o
  CC      drivers/ptp/ptp_vclock.o
  CC      net/netfilter/nf_nat_irc.o
  CC      net/netfilter/nf_nat_sip.o
  CC      net/netfilter/nf_nat_tftp.o
  CC      net/bridge/netfilter/ebt_nflog.o
  CC      net/ipv4/udp_tunnel_nic.o
  CC      net/ipv4/syncookies.o
  CC      net/ipv4/netfilter.o
  CC      net/core/devmem.o
  CC      net/netfilter/nf_synproxy_core.o
  CC      net/ipv4/inet_diag.o
  CC      net/ipv4/netfilter/nf_defrag_ipv4.o
  CC      net/ipv4/tcp_diag.o
  CC      net/ipv4/udp_diag.o
  CC      net/ipv4/netfilter/nf_socket_ipv4.o
  CC      net/netfilter/nf_conncount.o
  CC      net/ipv4/netfilter/nf_tproxy_ipv4.o
  CC      net/netfilter/nf_tables_core.o
  AR      net/bridge/netfilter/built-in.a
  AR      net/bridge/built-in.a
  CC      net/ipv6/proc.o
  CC      net/ipv4/tcp_cubic.o
  CC      net/ipv4/tcp_bpf.o
  CC      kernel/trace/bpf_trace.o
  CC      drivers/thermal/thermal_netlink.o
  CC      net/ipv4/udp_bpf.o
  CC      net/ipv4/cipso_ipv4.o
  CC      net/ipv4/netfilter/nf_reject_ipv4.o
  CC      net/ipv4/netfilter/nf_nat_h323.o
  CC      net/netfilter/nf_tables_api.o
  CC      net/ipv4/xfrm4_policy.o
  AR      drivers/ptp/built-in.a
  CC      net/ipv4/xfrm4_state.o
  CC      net/netfilter/nft_chain_filter.o
  CC      net/ipv6/syncookies.o
  CC      net/ipv6/calipso.o
  CC      net/ipv4/netfilter/nf_nat_pptp.o
  CC      kernel/events/core.o
  CC      kernel/trace/trace_kprobe.o
  CC      kernel/bpf/core.o
  CC      net/ipv4/netfilter/nf_nat_snmp_basic.asn1.o
  CC      kernel/bpf/syscall.o
  CC      kernel/bpf/verifier.o
  CC      kernel/bpf/inode.o
  CC      net/netfilter/nf_tables_trace.o
  CC      net/ipv6/addrconf_core.o
  CC      net/ipv4/xfrm4_input.o
  CC      net/ipv6/exthdrs_core.o
  CC      net/ipv4/netfilter/nf_nat_snmp_basic_main.o
  CC      net/netfilter/nft_immediate.o
  CC      net/ipv6/netfilter/ip6_tables.o
  CC      kernel/bpf/helpers.o
  CC      net/ipv6/ip6_checksum.o
  CC      net/ipv6/netfilter/ip6table_filter.o
  CC      net/ipv4/xfrm4_output.o
  CC      net/ipv6/netfilter/ip6table_mangle.o
  CC      net/ipv4/xfrm4_protocol.o
  CC      net/ipv4/bpf_tcp_ca.o
  AR      net/core/built-in.a
  CC      net/ipv4/netfilter/ip_tables.o
  AR      drivers/thermal/built-in.a
  CC      net/netfilter/nft_cmp.o
  CC      net/ipv6/netfilter/ip6table_raw.o
  CC      net/ipv4/netfilter/iptable_filter.o
  CC      kernel/bpf/log.o
  CC      kernel/trace/trace_uprobe.o
  CC      net/ipv6/netfilter/ip6table_security.o
  CC      net/netfilter/nft_range.o
  CC      net/netfilter/nft_bitwise.o
  CC      net/ipv6/ip6_icmp.o
  CC      net/netfilter/nft_byteorder.o
  CC      net/ipv6/netfilter/ip6table_nat.o
  CC      net/netfilter/nft_payload.o
  CC      net/netfilter/nft_lookup.o
  CC      net/netfilter/nft_dynset.o
  CC      net/ipv4/netfilter/iptable_mangle.o
  CC      net/ipv4/netfilter/iptable_nat.o
  CC      kernel/bpf/liveness.o
  CC      net/netfilter/nft_meta.o
  CC      kernel/bpf/bpf_iter.o
  CC      net/ipv6/netfilter/nf_defrag_ipv6_hooks.o
  CC      net/ipv4/netfilter/iptable_raw.o
  CC      net/ipv4/netfilter/iptable_security.o
  GZIP    kernel/config_data.gz
  CC      drivers/hv/hv_util.o
  CC      drivers/hv/hv_kvp.o
  CC      kernel/configs.o
  CC      drivers/hv/hv_snapshot.o
  CC      net/ipv4/netfilter/ipt_ah.o
  CC      drivers/hv/hv_utils_transport.o
  CC      net/ipv4/netfilter/ipt_rpfilter.o
  CC      net/netfilter/nft_rt.o
  CC      net/ipv6/output_core.o
  CC      net/ipv6/protocol.o
  CC      net/ipv6/ip6_offload.o
  CC      kernel/bpf/map_iter.o
  CC      net/netfilter/nft_exthdr.o
  CC      net/ipv4/netfilter/ipt_ECN.o
  CC      net/netfilter/nft_last.o
  CC      kernel/bpf/task_iter.o
  CC      net/ipv6/netfilter/nf_conntrack_reasm.o
  CC      net/ipv6/exthdrs_offload.o
  CC      net/netfilter/nft_counter.o
  CC      net/ipv6/netfilter/nf_socket_ipv6.o
  CC      net/ipv6/netfilter/nf_tproxy_ipv6.o
  CC      net/ipv6/netfilter/nf_reject_ipv6.o
  CC      kernel/bpf/prog_iter.o
  AR      kernel/trace/built-in.a
  CC      net/ipv4/netfilter/ipt_REJECT.o
  CC      net/ipv6/inet6_hashtables.o
  CC      net/ipv6/netfilter/nf_dup_ipv6.o
  CC      net/ipv6/ip6_udp_tunnel.o
  CC      kernel/bpf/link_iter.o
  CC      net/netfilter/nft_objref.o
  CC      net/ipv6/netfilter/ip6t_ah.o
  CC      net/ipv4/netfilter/ipt_SYNPROXY.o
  AR      drivers/hv/built-in.a
  CC      net/ipv4/netfilter/arp_tables.o
  CC      net/ipv4/netfilter/arpt_mangle.o
  CC      kernel/bpf/hashtab.o
  CC      net/ipv4/netfilter/arptable_filter.o
  CC      net/ipv6/netfilter/ip6t_eui64.o
  CC      net/netfilter/nft_inner.o
  CC      net/ipv4/netfilter/nf_dup_ipv4.o
  CC      kernel/bpf/arraymap.o
  CC      net/netfilter/nft_chain_route.o
  CC      net/ipv6/mcast_snoop.o
  CC      net/ipv6/netfilter/ip6t_frag.o
  CC      net/ipv6/netfilter/ip6t_ipv6header.o
  CC      net/ipv6/netfilter/ip6t_mh.o
  AR      drivers/built-in.a
  CC      net/netfilter/nf_tables_offload.o
  CC      kernel/bpf/lpm_trie.o
  CC      net/ipv6/netfilter/ip6t_hbh.o
  CC      net/ipv6/netfilter/ip6t_rpfilter.o
  CC      net/ipv6/netfilter/ip6t_rt.o
  CC      net/netfilter/nft_set_hash.o
  CC      net/netfilter/nft_set_bitmap.o
  CC      net/netfilter/nft_set_rbtree.o
  CC      kernel/bpf/local_storage.o
  CC      net/netfilter/nft_set_pipapo.o
  CC      net/netfilter/nft_set_pipapo_avx2.o
  CC      net/netfilter/nft_ct_fast.o
  CC      net/ipv6/netfilter/ip6t_NPT.o
  CC      net/netfilter/nft_nat.o
  CC      kernel/bpf/ringbuf.o
  CC      net/ipv6/netfilter/ip6t_REJECT.o
  CC      net/ipv6/netfilter/ip6t_SYNPROXY.o
  CC      net/netfilter/nft_masq.o
  CC      kernel/bpf/bpf_local_storage.o
  CC      kernel/bpf/bpf_task_storage.o
  CC      net/netfilter/nft_chain_nat.o
  CC      kernel/bpf/bpf_inode_storage.o
  CC      net/netfilter/x_tables.o
  CC      net/netfilter/xt_tcpudp.o
  CC      kernel/bpf/trampoline.o
  CC      kernel/bpf/btf.o
  CC      net/netfilter/xt_mark.o
  CC      net/netfilter/xt_connmark.o
  CC      net/netfilter/xt_nat.o
  CC      kernel/bpf/stream.o
  CC      kernel/bpf/arena.o
  CC      net/netfilter/xt_AUDIT.o
  AR      net/ipv4/netfilter/built-in.a
  CC      kernel/bpf/dispatcher.o
  AR      net/ipv4/built-in.a
  CC      net/netfilter/xt_CHECKSUM.o
  CC      net/netfilter/xt_CLASSIFY.o
  CC      kernel/bpf/devmap.o
  CC      net/netfilter/xt_CONNSECMARK.o
  CC      kernel/bpf/cpumap.o
  CC      net/netfilter/xt_CT.o
  CC      kernel/bpf/offload.o
  CC      net/netfilter/xt_DSCP.o
  CC      net/netfilter/xt_HL.o
  CC      kernel/bpf/net_namespace.o
  CC      net/netfilter/xt_HMARK.o
  CC      kernel/bpf/tcx.o
  CC      kernel/bpf/stackmap.o
  AR      net/ipv6/netfilter/built-in.a
  AR      net/ipv6/built-in.a
  CC      net/netfilter/xt_LOG.o
  CC      net/netfilter/xt_NETMAP.o
  CC      kernel/bpf/bpf_cgrp_storage.o
  CC      kernel/bpf/cgroup.o
  CC      net/netfilter/xt_NFLOG.o
  CC      kernel/bpf/reuseport_array.o
  CC      net/netfilter/xt_NFQUEUE.o
  CC      kernel/bpf/bpf_struct_ops.o
  CC      net/netfilter/xt_RATEEST.o
  AR      kernel/events/built-in.a
  CC      net/netfilter/xt_REDIRECT.o
  CC      net/netfilter/xt_MASQUERADE.o
  CC      net/netfilter/xt_SECMARK.o
  CC      kernel/bpf/bpf_lsm_proto.o
  CC      net/netfilter/xt_TPROXY.o
  CC      kernel/bpf/bpf_lsm.o
  CC      kernel/bpf/crypto.o
  CC      kernel/bpf/relo_core.o
  CC      kernel/bpf/btf_relocate.o
  CC      net/netfilter/xt_TCPMSS.o
  CC      net/netfilter/xt_TCPOPTSTRIP.o
  CC      net/netfilter/xt_TEE.o
  CC      net/netfilter/xt_TRACE.o
  CC      net/netfilter/xt_IDLETIMER.o
  CC      net/netfilter/xt_addrtype.o
  CC      net/netfilter/xt_bpf.o
  CC      net/netfilter/xt_cluster.o
  CC      net/netfilter/xt_comment.o
  CC      net/netfilter/xt_connbytes.o
  CC      net/netfilter/xt_connlabel.o
  CC      net/netfilter/xt_connlimit.o
  CC      net/netfilter/xt_conntrack.o
  CC      net/netfilter/xt_cpu.o
  CC      net/netfilter/xt_dccp.o
  CC      net/netfilter/xt_devgroup.o
  CC      net/netfilter/xt_dscp.o
  CC      net/netfilter/xt_ecn.o
  CC      net/netfilter/xt_esp.o
  CC      net/netfilter/xt_hashlimit.o
  CC      net/netfilter/xt_helper.o
  CC      net/netfilter/xt_hl.o
  CC      net/netfilter/xt_ipcomp.o
  CC      net/netfilter/xt_iprange.o
  CC      net/netfilter/xt_ipvs.o
  CC      net/netfilter/xt_length.o
  CC      net/netfilter/xt_limit.o
  CC      net/netfilter/xt_mac.o
  CC      net/netfilter/xt_multiport.o
  CC      net/netfilter/xt_nfacct.o
  CC      net/netfilter/xt_osf.o
  CC      net/netfilter/xt_owner.o
  CC      net/netfilter/xt_cgroup.o
  CC      net/netfilter/xt_physdev.o
  CC      net/netfilter/xt_pkttype.o
  CC      net/netfilter/xt_policy.o
  CC      net/netfilter/xt_quota.o
  CC      net/netfilter/xt_rateest.o
  CC      net/netfilter/xt_realm.o
  CC      net/netfilter/xt_recent.o
  CC      net/netfilter/xt_sctp.o
  CC      net/netfilter/xt_socket.o
  CC      net/netfilter/xt_state.o
  CC      net/netfilter/xt_statistic.o
  CC      net/netfilter/xt_string.o
  CC      net/netfilter/xt_tcpmss.o
  CC      net/netfilter/xt_time.o
  CC      net/netfilter/xt_u32.o
  CC      net/netfilter/ipvs/ip_vs_conn.o
  CC      net/netfilter/ipvs/ip_vs_core.o
  CC      net/netfilter/ipvs/ip_vs_ctl.o
  CC      net/netfilter/ipvs/ip_vs_sched.o
  CC      net/netfilter/ipvs/ip_vs_xmit.o
  CC      net/netfilter/ipvs/ip_vs_app.o
  CC      net/netfilter/ipvs/ip_vs_sync.o
  CC      net/netfilter/ipvs/ip_vs_est.o
  CC      net/netfilter/ipvs/ip_vs_proto.o
  CC      net/netfilter/ipvs/ip_vs_pe.o
  CC      net/netfilter/ipvs/ip_vs_proto_tcp.o
  CC      net/netfilter/ipvs/ip_vs_proto_udp.o
  CC      net/netfilter/ipvs/ip_vs_proto_ah_esp.o
  CC      net/netfilter/ipvs/ip_vs_proto_sctp.o
  CC      net/netfilter/ipvs/ip_vs_nfct.o
  CC      net/netfilter/ipvs/ip_vs_rr.o
  CC      net/netfilter/ipvs/ip_vs_wrr.o
  CC      net/netfilter/ipvs/ip_vs_lc.o
  CC      net/netfilter/ipvs/ip_vs_wlc.o
  CC      net/netfilter/ipvs/ip_vs_lblc.o
  CC      net/netfilter/ipvs/ip_vs_lblcr.o
  CC      net/netfilter/ipvs/ip_vs_dh.o
  CC      net/netfilter/ipvs/ip_vs_sh.o
  CC      net/netfilter/ipvs/ip_vs_mh.o
  CC      net/netfilter/ipvs/ip_vs_sed.o
  CC      net/netfilter/ipvs/ip_vs_nq.o
  CC      net/netfilter/ipvs/ip_vs_ftp.o
  CC      net/netfilter/ipvs/ip_vs_pe_sip.o
  AR      kernel/bpf/built-in.a
  AR      kernel/built-in.a
  AR      net/netfilter/ipvs/built-in.a
  AR      net/netfilter/built-in.a
  AR      net/built-in.a
  AR      built-in.a
  AR      vmlinux.a
  LD      vmlinux.o
  GEN     .vmlinux.objs
  MODPOST vmlinux.symvers
  CC      .vmlinux.export.o
  UPD     include/generated/utsversion.h
  CC      init/version-timestamp.o
  KSYMS   .tmp_vmlinux0.kallsyms.S
  AS      .tmp_vmlinux0.kallsyms.o
  LD      .tmp_vmlinux1
  NM      .tmp_vmlinux1.syms
  KSYMS   .tmp_vmlinux1.kallsyms.S
  AS      .tmp_vmlinux1.kallsyms.o
  LD      .tmp_vmlinux2
  NM      .tmp_vmlinux2.syms
  KSYMS   .tmp_vmlinux2.kallsyms.S
  AS      .tmp_vmlinux2.kallsyms.o
  LD      vmlinux.unstripped
  NM      System.map
  SORTTAB vmlinux.unstripped
  OBJCOPY vmlinux
  GEN     modules.builtin.modinfo
  GEN     modules.builtin
  CC      arch/x86/boot/version.o
  VOFFSET arch/x86/boot/compressed/../voffset.h
  OBJCOPY arch/x86/boot/compressed/vmlinux.bin
  RELOCS  arch/x86/boot/compressed/vmlinux.relocs
  CC      arch/x86/boot/compressed/kaslr.o
  CC      arch/x86/boot/compressed/misc.o
  GZIP    arch/x86/boot/compressed/vmlinux.bin.gz
  MKPIGGY arch/x86/boot/compressed/piggy.S
  AS      arch/x86/boot/compressed/piggy.o
  LD      arch/x86/boot/compressed/vmlinux
  ZOFFSET arch/x86/boot/zoffset.h
  OBJCOPY arch/x86/boot/vmlinux.bin
  AS      arch/x86/boot/header.o
  LD      arch/x86/boot/setup.elf
  OBJCOPY arch/x86/boot/setup.bin
  BUILD   arch/x86/boot/bzImage
Kernel: arch/x86/boot/bzImage is ready  (#3)
